// Jest Snapshot v1, https://goo.gl/fbAQLP

exports[`Async Question Integration POST /asyncQuestions/:cid should create a question 1`] = `
Object {
  "aiAnswerText": "ai",
  "answerText": "answer",
  "closedAt": null,
  "course": Object {
    "asyncQuestionDisplayTypes": Array [],
    "coordinator_email": null,
    "courseInviteCode": "invite-code",
    "deletedAt": null,
    "enabled": true,
    "icalURL": "https://calendar.google.com/calendar/ical/t6lu2pic7u9otrbpkuk26sl34g%40group.calendar.google.com/public/basic.ics",
    "id": 1,
    "name": "CS 304",
    "questionTimer": null,
    "sectionGroupName": "CS 304",
    "selfEnroll": false,
    "semesterId": 1,
    "timezone": null,
    "zoomLink": null,
  },
  "courseId": 1,
  "createdAt": "2024-03-10T18:44:34.077Z",
  "creator": Object {
    "accountDeactivated": false,
    "accountType": "legacy",
    "defaultMessage": null,
    "desktopNotifsEnabled": false,
    "email": "user@ubc.ca",
    "firstName": "User",
    "hideInsights": Array [],
    "id": 1,
    "includeDefaultMessage": true,
    "lastName": "Person",
    "password": null,
    "phoneNotifsEnabled": false,
    "photoURL": null,
    "sid": null,
    "userRole": "user",
  },
  "creatorId": 1,
  "id": 1,
  "questionAbstract": "abstract",
  "questionText": "text",
  "questionTypes": Array [],
  "status": "Waiting",
  "taHelpedId": null,
  "visible": true,
}
`;

exports[`Async Question Integration POST /asyncQuestions/:qid/:vote should vote on a question 1`] = `
Object {
  "question": Object {
    "aiAnswerText": null,
    "answerText": null,
    "closedAt": null,
    "courseId": null,
    "createdAt": "2020-03-01T05:00:00.000Z",
    "creatorId": null,
    "id": 1,
    "questionAbstract": "question abstract",
    "questionText": "question text",
    "questionTypes": Array [],
    "status": "Resolved",
    "taHelpedId": null,
    "visible": null,
    "votes": Array [
      Object {
        "id": 1,
        "questionId": 1,
        "userId": 1,
        "vote": 1,
      },
    ],
    "votesSum": 1,
  },
  "vote": 1,
}
`;
